#! /c/Source/iverilog-install/bin/vvp
:ivl_version "12.0 (devel)" "(s20150603-1539-g2693dd32b)";
:ivl_delay_selection "TYPICAL";
:vpi_time_precision + 0;
:vpi_module "C:\iverilog\lib\ivl\system.vpi";
:vpi_module "C:\iverilog\lib\ivl\vhdl_sys.vpi";
:vpi_module "C:\iverilog\lib\ivl\vhdl_textio.vpi";
:vpi_module "C:\iverilog\lib\ivl\v2005_math.vpi";
:vpi_module "C:\iverilog\lib\ivl\va_math.vpi";
S_0000027f3e856410 .scope module, "Node" "Node" 2 1;
 .timescale 0 0;
    .port_info 0 /INPUT 1 "clk";
    .port_info 1 /INPUT 1 "rst";
    .port_info 2 /INPUT 1 "grant";
    .port_info 3 /INPUT 1 "collision";
    .port_info 4 /OUTPUT 1 "request";
    .port_info 5 /OUTPUT 1 "tx_en";
    .port_info 6 /OUTPUT 1 "tx_data";
    .port_info 7 /OUTPUT 3 "current_state";
P_0000027f3e8565a0 .param/l "BACKOFF" 0 2 15, C4<100>;
P_0000027f3e8565d8 .param/l "COLLISION" 0 2 14, C4<011>;
P_0000027f3e856610 .param/l "DONE" 0 2 16, C4<101>;
P_0000027f3e856648 .param/l "IDLE" 0 2 11, C4<000>;
P_0000027f3e856680 .param/l "REQUEST" 0 2 12, C4<001>;
P_0000027f3e8566b8 .param/l "TRANSMIT" 0 2 13, C4<010>;
L_0000027f3e6f54f0 .functor BUFZ 3, v0000027f3e6f28f0_0, C4<000>, C4<000>, C4<000>;
o0000027f3e6fcf78 .functor BUFZ 1, C4<z>; HiZ drive
v0000027f3e856a50_0 .net "clk", 0 0, o0000027f3e6fcf78;  0 drivers
o0000027f3e6fcfa8 .functor BUFZ 1, C4<z>; HiZ drive
v0000027f3e85bea0_0 .net "collision", 0 0, o0000027f3e6fcfa8;  0 drivers
v0000027f3e856700_0 .net "current_state", 2 0, L_0000027f3e6f54f0;  1 drivers
o0000027f3e6fd008 .functor BUFZ 1, C4<z>; HiZ drive
v0000027f3e8567a0_0 .net "grant", 0 0, o0000027f3e6fd008;  0 drivers
v0000027f3e6f2710_0 .var "next_state", 2 0;
v0000027f3e6f27b0_0 .var "request", 0 0;
o0000027f3e6fd098 .functor BUFZ 1, C4<z>; HiZ drive
v0000027f3e6f2850_0 .net "rst", 0 0, o0000027f3e6fd098;  0 drivers
v0000027f3e6f28f0_0 .var "state", 2 0;
v0000027f3e6f2990_0 .var "tx_data", 0 0;
v0000027f3e6f2a30_0 .var "tx_en", 0 0;
E_0000027f3e6e6ca0 .event anyedge, v0000027f3e6f28f0_0;
E_0000027f3e6e72e0 .event anyedge, v0000027f3e6f28f0_0, v0000027f3e8567a0_0, v0000027f3e85bea0_0;
E_0000027f3e6e6ae0 .event posedge, v0000027f3e6f2850_0, v0000027f3e856a50_0;
    .scope S_0000027f3e856410;
T_0 ;
    %wait E_0000027f3e6e6ae0;
    %load/vec4 v0000027f3e6f2850_0;
    %flag_set/vec4 8;
    %jmp/0xz  T_0.0, 8;
    %pushi/vec4 0, 0, 3;
    %assign/vec4 v0000027f3e6f28f0_0, 0;
    %jmp T_0.1;
T_0.0 ;
    %load/vec4 v0000027f3e6f2710_0;
    %assign/vec4 v0000027f3e6f28f0_0, 0;
T_0.1 ;
    %jmp T_0;
    .thread T_0;
    .scope S_0000027f3e856410;
T_1 ;
    %wait E_0000027f3e6e72e0;
    %load/vec4 v0000027f3e6f28f0_0;
    %store/vec4 v0000027f3e6f2710_0, 0, 3;
    %load/vec4 v0000027f3e6f28f0_0;
    %dup/vec4;
    %pushi/vec4 0, 0, 3;
    %cmp/u;
    %jmp/1 T_1.0, 6;
    %dup/vec4;
    %pushi/vec4 1, 0, 3;
    %cmp/u;
    %jmp/1 T_1.1, 6;
    %dup/vec4;
    %pushi/vec4 2, 0, 3;
    %cmp/u;
    %jmp/1 T_1.2, 6;
    %dup/vec4;
    %pushi/vec4 3, 0, 3;
    %cmp/u;
    %jmp/1 T_1.3, 6;
    %dup/vec4;
    %pushi/vec4 4, 0, 3;
    %cmp/u;
    %jmp/1 T_1.4, 6;
    %dup/vec4;
    %pushi/vec4 5, 0, 3;
    %cmp/u;
    %jmp/1 T_1.5, 6;
    %pushi/vec4 0, 0, 3;
    %store/vec4 v0000027f3e6f2710_0, 0, 3;
    %jmp T_1.7;
T_1.0 ;
    %pushi/vec4 1, 0, 3;
    %store/vec4 v0000027f3e6f2710_0, 0, 3;
    %jmp T_1.7;
T_1.1 ;
    %load/vec4 v0000027f3e8567a0_0;
    %flag_set/vec4 8;
    %jmp/0xz  T_1.8, 8;
    %pushi/vec4 2, 0, 3;
    %store/vec4 v0000027f3e6f2710_0, 0, 3;
T_1.8 ;
    %jmp T_1.7;
T_1.2 ;
    %load/vec4 v0000027f3e85bea0_0;
    %flag_set/vec4 8;
    %jmp/0xz  T_1.10, 8;
    %pushi/vec4 3, 0, 3;
    %store/vec4 v0000027f3e6f2710_0, 0, 3;
    %jmp T_1.11;
T_1.10 ;
    %pushi/vec4 5, 0, 3;
    %store/vec4 v0000027f3e6f2710_0, 0, 3;
T_1.11 ;
    %jmp T_1.7;
T_1.3 ;
    %pushi/vec4 4, 0, 3;
    %store/vec4 v0000027f3e6f2710_0, 0, 3;
    %jmp T_1.7;
T_1.4 ;
    %pushi/vec4 1, 0, 3;
    %store/vec4 v0000027f3e6f2710_0, 0, 3;
    %jmp T_1.7;
T_1.5 ;
    %pushi/vec4 0, 0, 3;
    %store/vec4 v0000027f3e6f2710_0, 0, 3;
    %jmp T_1.7;
T_1.7 ;
    %pop/vec4 1;
    %jmp T_1;
    .thread T_1, $push;
    .scope S_0000027f3e856410;
T_2 ;
    %wait E_0000027f3e6e6ca0;
    %pushi/vec4 0, 0, 1;
    %store/vec4 v0000027f3e6f27b0_0, 0, 1;
    %pushi/vec4 0, 0, 1;
    %store/vec4 v0000027f3e6f2a30_0, 0, 1;
    %pushi/vec4 0, 0, 1;
    %store/vec4 v0000027f3e6f2990_0, 0, 1;
    %load/vec4 v0000027f3e6f28f0_0;
    %dup/vec4;
    %pushi/vec4 0, 0, 3;
    %cmp/u;
    %jmp/1 T_2.0, 6;
    %dup/vec4;
    %pushi/vec4 1, 0, 3;
    %cmp/u;
    %jmp/1 T_2.1, 6;
    %dup/vec4;
    %pushi/vec4 2, 0, 3;
    %cmp/u;
    %jmp/1 T_2.2, 6;
    %dup/vec4;
    %pushi/vec4 3, 0, 3;
    %cmp/u;
    %jmp/1 T_2.3, 6;
    %dup/vec4;
    %pushi/vec4 4, 0, 3;
    %cmp/u;
    %jmp/1 T_2.4, 6;
    %dup/vec4;
    %pushi/vec4 5, 0, 3;
    %cmp/u;
    %jmp/1 T_2.5, 6;
    %pushi/vec4 0, 0, 1;
    %store/vec4 v0000027f3e6f27b0_0, 0, 1;
    %pushi/vec4 0, 0, 1;
    %store/vec4 v0000027f3e6f2a30_0, 0, 1;
    %pushi/vec4 0, 0, 1;
    %store/vec4 v0000027f3e6f2990_0, 0, 1;
    %jmp T_2.7;
T_2.0 ;
    %pushi/vec4 0, 0, 1;
    %store/vec4 v0000027f3e6f27b0_0, 0, 1;
    %pushi/vec4 0, 0, 1;
    %store/vec4 v0000027f3e6f2a30_0, 0, 1;
    %jmp T_2.7;
T_2.1 ;
    %pushi/vec4 1, 0, 1;
    %store/vec4 v0000027f3e6f27b0_0, 0, 1;
    %pushi/vec4 0, 0, 1;
    %store/vec4 v0000027f3e6f2a30_0, 0, 1;
    %jmp T_2.7;
T_2.2 ;
    %pushi/vec4 0, 0, 1;
    %store/vec4 v0000027f3e6f27b0_0, 0, 1;
    %pushi/vec4 1, 0, 1;
    %store/vec4 v0000027f3e6f2a30_0, 0, 1;
    %pushi/vec4 1, 0, 1;
    %store/vec4 v0000027f3e6f2990_0, 0, 1;
    %jmp T_2.7;
T_2.3 ;
    %pushi/vec4 0, 0, 1;
    %store/vec4 v0000027f3e6f27b0_0, 0, 1;
    %pushi/vec4 0, 0, 1;
    %store/vec4 v0000027f3e6f2a30_0, 0, 1;
    %jmp T_2.7;
T_2.4 ;
    %pushi/vec4 0, 0, 1;
    %store/vec4 v0000027f3e6f27b0_0, 0, 1;
    %pushi/vec4 0, 0, 1;
    %store/vec4 v0000027f3e6f2a30_0, 0, 1;
    %jmp T_2.7;
T_2.5 ;
    %pushi/vec4 0, 0, 1;
    %store/vec4 v0000027f3e6f27b0_0, 0, 1;
    %pushi/vec4 0, 0, 1;
    %store/vec4 v0000027f3e6f2a30_0, 0, 1;
    %jmp T_2.7;
T_2.7 ;
    %pop/vec4 1;
    %jmp T_2;
    .thread T_2, $push;
# The file index is used to find the file name in the following table.
:file_names 3;
    "N/A";
    "<interactive>";
    "node.v";
